2025-08-16 13:00:56.382 error: 	jorha--Se produjo un error interno del servidor 
Invalid `this.prisma.resena.create()` invocation in
D:\UTN\XI Cuatrimestre\ProyectoJoyeria\server\source\controllers\resenaController.ts:67:52

  64 try {
  65   const body = request.body;
  66 
→ 67   const nuevaResena = await this.prisma.resena.create({
         data: {
           visible: true,
           valoracion: 0,
           fecha: new Date("2025-08-16T19:00:56.354Z"),
           usuario: {
             connect: {
               id: 1
             }
           },
           producto: {
             connect: {
               id: 1
             }
           },
       +   comentario: String
         }
       })

Argument `comentario` must not be null.
2025-08-16 13:01:56.621 error: 	jorha--Se produjo un error interno del servidor 
Invalid `this.prisma.resena.create()` invocation in
D:\UTN\XI Cuatrimestre\ProyectoJoyeria\server\source\controllers\resenaController.ts:67:52

  64 try {
  65   const body = request.body;
  66 
→ 67   const nuevaResena = await this.prisma.resena.create({
         data: {
           visible: true,
           valoracion: 0,
           fecha: new Date("2025-08-16T19:01:56.603Z"),
           usuario: {
             connect: {
               id: 1
             }
           },
           producto: {
             connect: {
               id: 1
             }
           },
       +   comentario: String
         }
       })

Argument `comentario` must not be null.
2025-08-16 13:02:55.994 error: 	jorha--Se produjo un error interno del servidor 
Invalid `this.prisma.resena.create()` invocation in
D:\UTN\XI Cuatrimestre\ProyectoJoyeria\server\source\controllers\resenaController.ts:67:52

  64 try {
  65   const body = request.body;
  66 
→ 67   const nuevaResena = await this.prisma.resena.create({
         data: {
           visible: true,
           valoracion: 0,
           fecha: new Date("2025-08-16T19:02:55.968Z"),
           usuario: {
             connect: {
               id: 1
             }
           },
           producto: {
             connect: {
               id: 1
             }
           },
       +   comentario: String
         }
       })

Argument `comentario` must not be null.
