2025-08-26 19:31:05.785 error: 	jorha--Se produjo un error interno del servidor 
Invalid `this.prisma.usuario.findUnique()` invocation in
D:\UTN\XI Cuatrimestre\ProyectoJoyeria\server\source\controllers\usuarioController.ts:30:49

  27 ) => {
  28   try {
  29     let idUsuario = parseInt(request.params.id);
→ 30     const usuario = await this.prisma.usuario.findUnique({
           where: {
         +   id: Int
           },
           select: {
             id: true,
             nombre_usuario: true,
             correo: true,
             contraseña: false,
             rol: true
           }
         })

Argument `id` is missing.
2025-08-26 19:38:30.379 error: 	jorha--Se produjo un error interno del servidor 
Invalid `this.prisma.usuario.findUnique()` invocation in
D:\UTN\XI Cuatrimestre\ProyectoJoyeria\server\source\controllers\usuarioController.ts:30:49

  27 ) => {
  28   try {
  29     let idUsuario = parseInt(request.params.id);
→ 30     const usuario = await this.prisma.usuario.findUnique({
           where: {
         +   id: Int
           },
           select: {
             id: true,
             nombre_usuario: true,
             correo: true,
             contraseña: false,
             rol: true
           }
         })

Argument `id` is missing.
2025-08-26 19:57:52.892 error: 	jorha--Se produjo un error interno del servidor 
Invalid `this.prisma.usuario.findUnique()` invocation in
D:\UTN\XI Cuatrimestre\ProyectoJoyeria\server\source\controllers\usuarioController.ts:30:49

  27 ) => {
  28   try {
  29     let idUsuario = parseInt(request.params.id);
→ 30     const usuario = await this.prisma.usuario.findUnique({
           where: {
         +   id: Int
           },
           select: {
             id: true,
             nombre_usuario: true,
             correo: true,
             contraseña: false,
             rol: true
           }
         })

Argument `id` is missing.
2025-08-26 19:57:55.516 error: 	jorha--Se produjo un error interno del servidor 
Invalid `this.prisma.usuario.findUnique()` invocation in
D:\UTN\XI Cuatrimestre\ProyectoJoyeria\server\source\controllers\usuarioController.ts:30:49

  27 ) => {
  28   try {
  29     let idUsuario = parseInt(request.params.id);
→ 30     const usuario = await this.prisma.usuario.findUnique({
           where: {
         +   id: Int
           },
           select: {
             id: true,
             nombre_usuario: true,
             correo: true,
             contraseña: false,
             rol: true
           }
         })

Argument `id` is missing.
2025-08-26 19:58:00.504 error: 	jorha--Se produjo un error interno del servidor 
Invalid `this.prisma.usuario.findUnique()` invocation in
D:\UTN\XI Cuatrimestre\ProyectoJoyeria\server\source\controllers\usuarioController.ts:30:49

  27 ) => {
  28   try {
  29     let idUsuario = parseInt(request.params.id);
→ 30     const usuario = await this.prisma.usuario.findUnique({
           where: {
         +   id: Int
           },
           select: {
             id: true,
             nombre_usuario: true,
             correo: true,
             contraseña: false,
             rol: true
           }
         })

Argument `id` is missing.
2025-08-26 19:58:06.500 error: 	jorha--Se produjo un error interno del servidor 
Invalid `this.prisma.usuario.findUnique()` invocation in
D:\UTN\XI Cuatrimestre\ProyectoJoyeria\server\source\controllers\usuarioController.ts:30:49

  27 ) => {
  28   try {
  29     let idUsuario = parseInt(request.params.id);
→ 30     const usuario = await this.prisma.usuario.findUnique({
           where: {
         +   id: Int
           },
           select: {
             id: true,
             nombre_usuario: true,
             correo: true,
             contraseña: false,
             rol: true
           }
         })

Argument `id` is missing.
2025-08-26 19:58:08.590 error: 	jorha--Se produjo un error interno del servidor 
Invalid `this.prisma.usuario.findUnique()` invocation in
D:\UTN\XI Cuatrimestre\ProyectoJoyeria\server\source\controllers\usuarioController.ts:30:49

  27 ) => {
  28   try {
  29     let idUsuario = parseInt(request.params.id);
→ 30     const usuario = await this.prisma.usuario.findUnique({
           where: {
         +   id: Int
           },
           select: {
             id: true,
             nombre_usuario: true,
             correo: true,
             contraseña: false,
             rol: true
           }
         })

Argument `id` is missing.
2025-08-26 19:58:10.493 error: 	jorha--Se produjo un error interno del servidor 
Invalid `this.prisma.usuario.findUnique()` invocation in
D:\UTN\XI Cuatrimestre\ProyectoJoyeria\server\source\controllers\usuarioController.ts:30:49

  27 ) => {
  28   try {
  29     let idUsuario = parseInt(request.params.id);
→ 30     const usuario = await this.prisma.usuario.findUnique({
           where: {
         +   id: Int
           },
           select: {
             id: true,
             nombre_usuario: true,
             correo: true,
             contraseña: false,
             rol: true
           }
         })

Argument `id` is missing.
2025-08-26 19:58:12.010 error: 	jorha--Se produjo un error interno del servidor 
Invalid `this.prisma.usuario.findUnique()` invocation in
D:\UTN\XI Cuatrimestre\ProyectoJoyeria\server\source\controllers\usuarioController.ts:30:49

  27 ) => {
  28   try {
  29     let idUsuario = parseInt(request.params.id);
→ 30     const usuario = await this.prisma.usuario.findUnique({
           where: {
         +   id: Int
           },
           select: {
             id: true,
             nombre_usuario: true,
             correo: true,
             contraseña: false,
             rol: true
           }
         })

Argument `id` is missing.
