2025-08-23 11:04:59.420 error: 	mario--Se produjo un error interno del servidor 
Invalid `prisma.usuario.findUnique()` invocation in
C:\Angular\ProyectoJoyeria\server\source\config\passport.ts:22:43

  19 },
  20 async (correo, contraseña, done) => {
  21   try {
→ 22     const user = await prisma.usuario.findUnique(
Can't reach database server at `localhost:3306`

Please make sure your database server is running at `localhost:3306`.
2025-08-23 11:24:52.967 error: 	mario--Se produjo un error interno del servidor 
Invalid `prisma.usuario.findUnique()` invocation in
C:\Angular\ProyectoJoyeria\server\source\config\passport.ts:22:43

  19 },
  20 async (correo, contraseña, done) => {
  21   try {
→ 22     const user = await prisma.usuario.findUnique(
Database `joyeriadb` does not exist
2025-08-23 11:24:57.675 error: 	mario--Se produjo un error interno del servidor 
Invalid `prisma.usuario.findUnique()` invocation in
C:\Angular\ProyectoJoyeria\server\source\config\passport.ts:22:43

  19 },
  20 async (correo, contraseña, done) => {
  21   try {
→ 22     const user = await prisma.usuario.findUnique(
Database `joyeriadb` does not exist
2025-08-23 11:26:27.096 error: 	mario--Se produjo un error interno del servidor 
Invalid `prisma.usuario.findUnique()` invocation in
C:\Angular\ProyectoJoyeria\server\source\config\passport.ts:22:43

  19 },
  20 async (correo, contraseña, done) => {
  21   try {
→ 22     const user = await prisma.usuario.findUnique(
Database `joyeriadb` does not exist
2025-08-23 11:33:50.719 error: 	mario--Se produjo un error interno del servidor Cannot set headers after they are sent to the client
2025-08-23 11:33:50.730 error: 	mario--Se produjo un error interno del servidor Cannot set headers after they are sent to the client
2025-08-23 11:36:09.071 error: 	mario--Se produjo un error interno del servidor Cannot set headers after they are sent to the client
2025-08-23 11:36:09.123 error: 	mario--Se produjo un error interno del servidor Cannot set headers after they are sent to the client
2025-08-23 11:36:09.128 error: 	mario--Se produjo un error interno del servidor Cannot set headers after they are sent to the client
